// Jest Snapshot v1, https://jestjs.io/docs/snapshot-testing

exports[`Home hero section display the home hero section 1`] = `
<div>
  <section
    class="bg-hero-pattern bg-no-repeat bg-center mt-5 xl:mt-20 xl:bg-left"
  >
    <div
      class="container flex flex-col-reverse items-center xl:flex-row"
    >
      <div
        class="flex flex-col gap-5 mt-12 pb-5 text-center xl:text-right"
      >
        <h3
          class="text-xl xl:text-2xl text-info"
        >
          خوش اومدی به ...
        </h3>
        <h1
          class=" text-3xl lg:text-5xl xl:text-5xl font-black gradient"
        >
          مسیر صعود به قله‌های برنامه‌نویسی
        </h1>
        <p
          class="max-w-2xl  text-lg md:text-xl font-bold leading-8"
        >
          هر جای مسیرِ برنامه‌نویسی که باشی، با هم‌راهی استادهای باتجربهٔ کلاسبن می‌تونی بدون محدودیت به قله‌های بالاتر صعود کنی. ما همیشه هواتو داریم.
        </p>
        <div
          class="mt-5 flex items-center gap-4 mb-2"
        >
          <button
            class="btn btn-primary btn-lg"
            type="button"
          >
            دوره های ریکت و نکست
             
          </button>
          <button
            class="btn btn-neutral btn-lg"
            type="button"
          >
            مشاوره برنامه نویسی
          </button>
        </div>
        <img
          alt=""
          class="grayscale  mt-4 opacity-70 m-auto xl:m-0"
          data-nimg="1"
          decoding="async"
          height="39"
          loading="lazy"
          src="/_next/image?url=%2Fimages%2Fframeworks.png&w=828&q=75"
          srcset="/_next/image?url=%2Fimages%2Fframeworks.png&w=640&q=75 1x, /_next/image?url=%2Fimages%2Fframeworks.png&w=828&q=75 2x"
          style="color: transparent;"
          width="412"
        />
      </div>
      <img
        alt="کلاسبن"
        data-nimg="1"
        decoding="async"
        height="521"
        loading="lazy"
        src="/images/programmer-landing.svg"
        style="color: transparent;"
        width="702"
      />
    </div>
  </section>
</div>
`;

exports[`Home hero section display the home hero section: \\n                <section className="bg-hero-pattern bg-no-repeat bg-center mt-5 xl:mt-20 xl:bg-left">\\n      <div className="container flex flex-col-reverse items-center xl:flex-row">\\n        <div className="flex flex-col gap-5 mt-12 pb-5 text-center xl:text-right">\\n          <h3 className="text-xl xl:text-2xl text-info">خوش اومدی به ...</h3>\\n          <h1 className=" text-3xl lg:text-5xl xl:text-5xl font-black gradient">\\n            مسیر صعود به قله‌های برنامه‌نویسی\\n          </h1>\\n          <p className="max-w-2xl  text-lg md:text-xl font-bold leading-8">\\n            هر جای مسیرِ برنامه‌نویسی که باشی، با هم‌راهی استادهای باتجربهٔ\\n            کلاسبن می‌تونی بدون محدودیت به قله‌های بالاتر صعود کنی. ما همیشه\\n            هواتو داریم.\\n          </p>\\n          <div className="mt-5 flex items-center gap-4 mb-2">\\n            <Button variant="primary" size="large">\\n              دوره های ریکت و نکست{" "}\\n            </Button>\\n            <Button variant="neutral" size="large">\\n              مشاوره برنامه نویسی\\n            </Button>\\n          </div>\\n          <Image\\n            className="grayscale  mt-4 opacity-70 m-auto xl:m-0"\\n            src="/images/frameworks.png"\\n            width={412}\\n            height={39}\\n            alt=""\\n          />\\n        </div>\\n        <Image\\n          src="/images/programmer-landing.svg"\\n          width={702}\\n          height={521}\\n          alt="کلاسبن"\\n        />\\n      </div>\\n    </section>\\n 1`] = `
<div>
  <section
    class="bg-hero-pattern bg-no-repeat bg-center mt-5 xl:mt-20 xl:bg-left"
  >
    <div
      class="container flex flex-col-reverse items-center xl:flex-row"
    >
      <div
        class="flex flex-col gap-5 mt-12 pb-5 text-center xl:text-right"
      >
        <h3
          class="text-xl xl:text-2xl text-info"
        >
          خوش اومدی به ...
        </h3>
        <h1
          class=" text-3xl lg:text-5xl xl:text-5xl font-black gradient"
        >
          مسیر صعود به قله‌های برنامه‌نویسی
        </h1>
        <p
          class="max-w-2xl  text-lg md:text-xl font-bold leading-8"
        >
          هر جای مسیرِ برنامه‌نویسی که باشی، با هم‌راهی استادهای باتجربهٔ کلاسبن می‌تونی بدون محدودیت به قله‌های بالاتر صعود کنی. ما همیشه هواتو داریم.
        </p>
        <div
          class="mt-5 flex items-center gap-4 mb-2"
        >
          <button
            class="btn btn-primary btn-lg"
            type="button"
          >
            دوره های ریکت و نکست
             
          </button>
          <button
            class="btn btn-neutral btn-lg"
            type="button"
          >
            مشاوره برنامه نویسی
          </button>
        </div>
        <img
          alt=""
          class="grayscale  mt-4 opacity-70 m-auto xl:m-0"
          data-nimg="1"
          decoding="async"
          height="39"
          loading="lazy"
          src="/_next/image?url=%2Fimages%2Fframeworks.png&w=828&q=75"
          srcset="/_next/image?url=%2Fimages%2Fframeworks.png&w=640&q=75 1x, /_next/image?url=%2Fimages%2Fframeworks.png&w=828&q=75 2x"
          style="color: transparent;"
          width="412"
        />
      </div>
      <img
        alt="کلاسبن"
        data-nimg="1"
        decoding="async"
        height="521"
        loading="lazy"
        src="/images/programmer-landing.svg"
        style="color: transparent;"
        width="702"
      />
    </div>
  </section>
</div>
`;

exports[`Home hero section display the home hero section: \\n    <section className="bg-hero-pattern bg-no-repeat bg-center mt-5 xl:mt-20 xl:bg-left">\\n      <div className="container flex flex-col-reverse items-center xl:flex-row">\\n        <div className="flex flex-col gap-5 mt-12 pb-5 text-center xl:text-right">\\n          <h3 className="text-xl xl:text-2xl text-info">خوش اومدی به ...</h3>\\n          <h1 className=" text-3xl lg:text-5xl xl:text-5xl font-black gradient">\\n            مسیر صعود به قله‌های برنامه‌نویسی\\n          </h1>\\n          <p className="max-w-2xl  text-lg md:text-xl font-bold leading-8">\\n            هر جای مسیرِ برنامه‌نویسی که باشی، با هم‌راهی استادهای باتجربهٔ\\n            کلاسبن می‌تونی بدون محدودیت به قله‌های بالاتر صعود کنی. ما همیشه\\n            هواتو داریم.\\n          </p>\\n          <div className="mt-5 flex items-center gap-4 mb-2">\\n            <Button variant="primary" size="large">\\n              دوره های ریکت و نکست{" "}\\n            </Button>\\n            <Button variant="neutral" size="large">\\n              مشاوره برنامه نویسی\\n            </Button>\\n          </div>\\n          <Image\\n            className="grayscale  mt-4 opacity-70 m-auto xl:m-0"\\n            src="/images/frameworks.png"\\n            width={412}\\n            height={39}\\n            alt=""\\n          />\\n        </div>\\n        <Image\\n          src="/images/programmer-landing.svg"\\n          width={702}\\n          height={521}\\n          alt="کلاسبن"\\n        />\\n      </div>\\n    </section>\\n 1`] = `
<div>
  <section
    class="bg-hero-pattern bg-no-repeat bg-center mt-5 xl:mt-20 xl:bg-left"
  >
    <div
      class="container flex flex-col-reverse items-center xl:flex-row"
    >
      <div
        class="flex flex-col gap-5 mt-12 pb-5 text-center xl:text-right"
      >
        <h3
          class="text-xl xl:text-2xl text-info"
        >
          خوش اومدی به ...
        </h3>
        <h1
          class=" text-3xl lg:text-5xl xl:text-5xl font-black gradient"
        >
          مسیر صعود به قله‌های برنامه‌نویسی
        </h1>
        <p
          class="max-w-2xl  text-lg md:text-xl font-bold leading-8"
        >
          هر جای مسیرِ برنامه‌نویسی که باشی، با هم‌راهی استادهای باتجربهٔ کلاسبن می‌تونی بدون محدودیت به قله‌های بالاتر صعود کنی. ما همیشه هواتو داریم.
        </p>
        <div
          class="mt-5 flex items-center gap-4 mb-2"
        >
          <button
            class="btn btn-primary btn-lg"
            type="button"
          >
            دوره های ریکت و نکست
             
          </button>
          <button
            class="btn btn-neutral btn-lg"
            type="button"
          >
            مشاوره برنامه نویسی
          </button>
        </div>
        <img
          alt=""
          class="grayscale  mt-4 opacity-70 m-auto xl:m-0"
          data-nimg="1"
          decoding="async"
          height="39"
          loading="lazy"
          src="/_next/image?url=%2Fimages%2Fframeworks.png&w=828&q=75"
          srcset="/_next/image?url=%2Fimages%2Fframeworks.png&w=640&q=75 1x, /_next/image?url=%2Fimages%2Fframeworks.png&w=828&q=75 2x"
          style="color: transparent;"
          width="412"
        />
      </div>
      <img
        alt="کلاسبن"
        data-nimg="1"
        decoding="async"
        height="521"
        loading="lazy"
        src="/images/programmer-landing.svg"
        style="color: transparent;"
        width="702"
      />
    </div>
  </section>
</div>
`;

exports[`Home hero section display the home hero section: \\n    <section className="bg-hero-pattern bg-no-repeat bg-center mt-5 xl:mt-20 xl:bg-left">\\n      <div className="container flex flex-col-reverse items-center xl:flex-row">\\n        <div className="flex flex-col gap-5 mt-12 pb-5 text-center xl:text-right">\\n          <h3 className="text-xl xl:text-2xl text-info">خوش اومدی به ...</h3>\\n          <h1 className=" text-3xl lg:text-5xl xl:text-5xl font-black gradient">\\n            مسیر صعود به قله‌های برنامه‌نویسی\\n          </h1>\\n          <p className="max-w-2xl  text-lg md:text-xl font-bold leading-8">\\n            هر جای مسیرِ برنامه‌نویسی که باشی، با هم‌راهی استادهای باتجربهٔ\\n            کلاسبن می‌تونی بدون محدودیت به قله‌های بالاتر صعود کنی. ما همیشه\\n            هواتو داریم.\\n          </p>\\n          <div className="mt-5 flex items-center justify-center xl:justify-start gap-4 mb-2">\\n            <Button variant="primary" size="large">\\n              دوره های ریکت و نکست\\n              <IconArrowLeftFill fill="white"/>\\n            </Button>\\n            <Button variant="neutral" size="large">\\n              مشاوره برنامه نویسی\\n            </Button>\\n          </div>\\n          <Image\\n            className="grayscale  mt-4 opacity-70 m-auto xl:m-0"\\n            src="/images/frameworks.png"\\n            width={412}\\n            height={39}\\n            alt=""\\n          />\\n        </div>\\n        <Image\\n          src="/images/programmer-landing.svg"\\n          width={702}\\n          height={521}\\n          alt="کلاسبن"\\n        />\\n      </div>\\n    </section>\\n 1`] = `
<div>
  <section
    class="bg-hero-pattern bg-no-repeat bg-center mt-5 xl:mt-20 xl:bg-left"
  >
    <div
      class="container flex flex-col-reverse items-center xl:flex-row"
    >
      <div
        class="flex flex-col gap-5 mt-12 pb-5 text-center xl:text-right"
      >
        <h3
          class="text-xl xl:text-2xl text-info"
        >
          خوش اومدی به ...
        </h3>
        <h1
          class=" text-3xl lg:text-5xl xl:text-5xl font-black gradient"
        >
          مسیر صعود به قله‌های برنامه‌نویسی
        </h1>
        <p
          class="max-w-2xl  text-lg md:text-xl font-bold leading-8"
        >
          هر جای مسیرِ برنامه‌نویسی که باشی، با هم‌راهی استادهای باتجربهٔ کلاسبن می‌تونی بدون محدودیت به قله‌های بالاتر صعود کنی. ما همیشه هواتو داریم.
        </p>
        <div
          class="mt-5 flex items-center justify-center xl:justify-start gap-4 mb-2"
        >
          <button
            class="btn btn-primary btn-lg"
            type="button"
          >
            دوره های ریکت و نکست
            <svg
              fill="none"
              height="24"
              stroke="currentColor"
              stroke-linecap="round"
              stroke-linejoin="round"
              stroke-width="1.5"
              viewBox="0 0 24 24"
              width="24"
              xmlns="http://www.w3.org/2000/svg"
            >
              <path
                d="M16.7544 11.5347L20.5098 11.2026C21.3525 11.2026 22.0358 11.8925 22.0358 12.7435C22.0358 13.5945 21.3525 14.2844 20.5098 14.2844L16.7544 13.9523C16.0933 13.9523 15.5573 13.4111 15.5573 12.7435C15.5573 12.0748 16.0933 11.5347 16.7544 11.5347Z"
                opacity=".4"
              />
              <path
                d="M4.14372 11.5957C4.20242 11.5365 4.42169 11.286 4.62767 11.078C5.82925 9.77526 8.96663 7.64503 10.6079 6.9931C10.857 6.8891 11.4872 6.66769 11.8249 6.65204C12.1472 6.65204 12.4551 6.72696 12.7485 6.87457C13.1151 7.08144 13.4075 7.40796 13.5692 7.79263C13.6722 8.05877 13.8338 8.85831 13.8338 8.87285C13.9944 9.74619 14.0819 11.1663 14.0819 12.7363C14.0819 14.2303 13.9944 15.5923 13.8626 16.4802C13.8482 16.4958 13.6866 17.4877 13.5105 17.8276C13.1882 18.4494 12.5581 18.8341 11.8836 18.8341H11.8249C11.3853 18.8195 10.4617 18.4337 10.4617 18.4203C8.90794 17.7684 5.84475 15.741 4.61328 14.3936C4.61328 14.3936 4.26554 14.0469 4.11493 13.8311C3.88015 13.5202 3.76276 13.1355 3.76276 12.7509C3.76276 12.3215 3.89455 11.9223 4.14372 11.5957Z"
              />
            </svg>
          </button>
          <button
            class="btn btn-neutral btn-lg"
            type="button"
          >
            مشاوره برنامه نویسی
          </button>
        </div>
        <img
          alt=""
          class="grayscale  mt-4 opacity-70 m-auto xl:m-0"
          data-nimg="1"
          decoding="async"
          height="39"
          loading="lazy"
          src="/_next/image?url=%2Fimages%2Fframeworks.png&w=828&q=75"
          srcset="/_next/image?url=%2Fimages%2Fframeworks.png&w=640&q=75 1x, /_next/image?url=%2Fimages%2Fframeworks.png&w=828&q=75 2x"
          style="color: transparent;"
          width="412"
        />
      </div>
      <img
        alt="کلاسبن"
        data-nimg="1"
        decoding="async"
        height="521"
        loading="lazy"
        src="/images/programmer-landing.svg"
        style="color: transparent;"
        width="702"
      />
    </div>
  </section>
</div>
`;
